// Jest Snapshot v1, https://goo.gl/fbAQLP

exports[`Pruebas en <App /> debe hacer match con el snapshot 1`] = `
<div>
  <h1>
    Daniel Aristizabal
  </h1>
  <code>
    {"titulo":"Hola mundo","mensaje":"que mas pues "}
  </code>
  <p>
    Esto es un parrafo
  </p>
</div>
`;
